Input: csc-test-cli --flag\`echo\>PWNED\` pr<TAB>

Shell: bash (3.2)

> csc-test-cli --flag\`echo\>PWNED\` production ▏

---

Shell: bash (5.2)

> csc-test-cli --flag\`echo\>PWNED\` pr▏

---

Shell: bash (5.3)

> csc-test-cli --flag\`echo\>PWNED\` production ▏

---

Shell: fish

> csc-test-cli --flag\`echo\>PWNED\` production ▏

---

Shell: zsh

> csc-test-cli --flag\`echo\>PWNED\` production ▏
