Input: csc-test-cli deploy --config=linked-directory/../two<TAB>

Shell: bash

> csc-test-cli deploy --config=linked-directory/../two\ words.json ▏

---

Shell: fish

> csc-test-cli deploy --config=linked-directory/../two\ words.json ▏

---

Shell: zsh

> csc-test-cli deploy --config=linked-directory/../two\ words.json ▏
