Input: csc-test-cli --endpoint api:production e<TAB>

Shell: bash (default)

> csc-test-cli --endpoint api:production eu ▏

---

Shell: bash (without equals)

> csc-test-cli --endpoint api:production eu ▏

---

Shell: bash (without colon)

> csc-test-cli --endpoint api:production eu ▏

---

Shell: bash (without equals or colon)

> csc-test-cli --endpoint api:production eu ▏

---

Shell: bash (with comma)

> csc-test-cli --endpoint api:production eu ▏
