Input: csc-test-cli --endpoint "api:pr<TAB>

Shell: bash (default)

> csc-test-cli --endpoint "api:production" ▏

---

Shell: bash (without equals)

> csc-test-cli --endpoint "api:production" ▏

---

Shell: bash (without colon)

> csc-test-cli --endpoint "api:production" ▏

---

Shell: bash (without equals or colon)

> csc-test-cli --endpoint "api:production" ▏

---

Shell: bash (with comma)

> csc-test-cli --endpoint "api:production" ▏
