Input: csc-test-cli --define=key==va<TAB>

Shell: bash (default)

> csc-test-cli --define=key==value ▏

---

Shell: bash (without equals)

> csc-test-cli --define=key==value ▏

---

Shell: bash (without colon)

> csc-test-cli --define=key==value ▏

---

Shell: bash (without equals or colon)

> csc-test-cli --define=key==value ▏

---

Shell: bash (with comma)

> csc-test-cli --define=key==value ▏
